/home/jizhu/miniconda3/envs/multiomics_robustness/lib/python3.11/site-packages/anndata/utils.py:434: FutureWarning: Importing read_csv from `anndata` is deprecated. Import anndata.io.read_csv instead.
  warnings.warn(msg, FutureWarning)
/home/jizhu/miniconda3/envs/multiomics_robustness/lib/python3.11/site-packages/anndata/utils.py:434: FutureWarning: Importing read_excel from `anndata` is deprecated. Import anndata.io.read_excel instead.
  warnings.warn(msg, FutureWarning)
/home/jizhu/miniconda3/envs/multiomics_robustness/lib/python3.11/site-packages/anndata/utils.py:434: FutureWarning: Importing read_hdf from `anndata` is deprecated. Import anndata.io.read_hdf instead.
  warnings.warn(msg, FutureWarning)
/home/jizhu/miniconda3/envs/multiomics_robustness/lib/python3.11/site-packages/anndata/utils.py:434: FutureWarning: Importing read_loom from `anndata` is deprecated. Import anndata.io.read_loom instead.
  warnings.warn(msg, FutureWarning)
/home/jizhu/miniconda3/envs/multiomics_robustness/lib/python3.11/site-packages/anndata/utils.py:434: FutureWarning: Importing read_mtx from `anndata` is deprecated. Import anndata.io.read_mtx instead.
  warnings.warn(msg, FutureWarning)
/home/jizhu/miniconda3/envs/multiomics_robustness/lib/python3.11/site-packages/anndata/utils.py:434: FutureWarning: Importing read_text from `anndata` is deprecated. Import anndata.io.read_text instead.
  warnings.warn(msg, FutureWarning)
/home/jizhu/miniconda3/envs/multiomics_robustness/lib/python3.11/site-packages/anndata/utils.py:434: FutureWarning: Importing read_umi_tools from `anndata` is deprecated. Import anndata.io.read_umi_tools instead.
  warnings.warn(msg, FutureWarning)
2026-09-10 03:29:15,489 | INFO | phase12a_analysis | === stage score (2026-09-09T17:29:15.489015+00:00) ===
2026-09-10 03:29:21,488 | INFO | phase12a_analysis | setup: 20 common l2 classes, 3305 fixed target cells
2026-09-10 03:29:21,883 | INFO | phase12a_analysis | direction_A__scvi_matched__subset0__seed00 macroF1=0.6213 AUROC=0.8476
2026-09-10 03:29:22,187 | INFO | phase12a_analysis | direction_A__scvi_matched__subset0__seed00__rep01 macroF1=0.6356 AUROC=0.8472
2026-09-10 03:29:22,487 | INFO | phase12a_analysis | direction_A__scvi_matched__subset0__seed01 macroF1=0.5741 AUROC=0.8389
2026-09-10 03:29:22,849 | INFO | phase12a_analysis | direction_A__scvi_matched__subset0__seed01__rep01 macroF1=0.5788 AUROC=0.8411
2026-09-10 03:29:23,164 | INFO | phase12a_analysis | direction_A__scvi_matched__subset0__seed02 macroF1=0.6088 AUROC=0.8381
2026-09-10 03:29:23,506 | INFO | phase12a_analysis | direction_A__scvi_matched__subset0__seed02__rep01 macroF1=0.6045 AUROC=0.8412
2026-09-10 03:29:23,847 | INFO | phase12a_analysis | direction_A__scvi_matched__subset0__seed03 macroF1=0.6242 AUROC=0.8286
2026-09-10 03:29:24,166 | INFO | phase12a_analysis | direction_A__scvi_matched__subset0__seed03__rep01 macroF1=0.6319 AUROC=0.8351
2026-09-10 03:29:24,497 | INFO | phase12a_analysis | direction_A__scvi_matched__subset0__seed04 macroF1=0.6176 AUROC=0.8276
2026-09-10 03:29:24,864 | INFO | phase12a_analysis | direction_A__scvi_matched__subset0__seed04__rep01 macroF1=0.5887 AUROC=0.8460
2026-09-10 03:29:25,290 | INFO | phase12a_analysis | direction_A__totalvi__subset0__seed00 macroF1=0.6059 AUROC=0.8235
2026-09-10 03:29:25,667 | INFO | phase12a_analysis | direction_A__totalvi__subset0__seed00__rep01 macroF1=0.6110 AUROC=0.8548
2026-09-10 03:29:26,028 | INFO | phase12a_analysis | direction_A__totalvi__subset0__seed01 macroF1=0.6107 AUROC=0.8591
2026-09-10 03:29:26,415 | INFO | phase12a_analysis | direction_A__totalvi__subset0__seed01__rep01 macroF1=0.5803 AUROC=0.8624
2026-09-10 03:29:26,809 | INFO | phase12a_analysis | direction_A__totalvi__subset0__seed02 macroF1=0.6144 AUROC=0.8519
2026-09-10 03:29:27,186 | INFO | phase12a_analysis | direction_A__totalvi__subset0__seed02__rep01 macroF1=0.6246 AUROC=0.8411
2026-09-10 03:29:27,557 | INFO | phase12a_analysis | direction_A__totalvi__subset0__seed03 macroF1=0.6113 AUROC=0.8381
2026-09-10 03:29:27,961 | INFO | phase12a_analysis | direction_A__totalvi__subset0__seed03__rep01 macroF1=0.6091 AUROC=0.8409
2026-09-10 03:29:28,369 | INFO | phase12a_analysis | direction_A__totalvi__subset0__seed04 macroF1=0.6085 AUROC=0.8376
2026-09-10 03:29:28,689 | INFO | phase12a_analysis | direction_A__totalvi__subset0__seed04__rep01 macroF1=0.6348 AUROC=0.8435
2026-09-10 03:29:28,983 | INFO | phase12a_analysis | direction_A__scvi_matched__subset1__seed00 macroF1=0.6020 AUROC=0.8428
2026-09-10 03:29:29,285 | INFO | phase12a_analysis | direction_A__scvi_matched__subset1__seed00__rep01 macroF1=0.5967 AUROC=0.8465
2026-09-10 03:29:29,572 | INFO | phase12a_analysis | direction_A__scvi_matched__subset1__seed01 macroF1=0.6023 AUROC=0.8476
2026-09-10 03:29:29,865 | INFO | phase12a_analysis | direction_A__scvi_matched__subset1__seed01__rep01 macroF1=0.6050 AUROC=0.8393
2026-09-10 03:29:30,181 | INFO | phase12a_analysis | direction_A__scvi_matched__subset1__seed02 macroF1=0.6081 AUROC=0.8361
2026-09-10 03:29:30,478 | INFO | phase12a_analysis | direction_A__scvi_matched__subset1__seed02__rep01 macroF1=0.6006 AUROC=0.8526
2026-09-10 03:29:30,781 | INFO | phase12a_analysis | direction_A__scvi_matched__subset1__seed03 macroF1=0.5629 AUROC=0.8390
2026-09-10 03:29:31,101 | INFO | phase12a_analysis | direction_A__scvi_matched__subset1__seed03__rep01 macroF1=0.5926 AUROC=0.8403
2026-09-10 03:29:31,393 | INFO | phase12a_analysis | direction_A__scvi_matched__subset1__seed04 macroF1=0.5921 AUROC=0.8356
2026-09-10 03:29:31,691 | INFO | phase12a_analysis | direction_A__scvi_matched__subset1__seed04__rep01 macroF1=0.5660 AUROC=0.8223
2026-09-10 03:29:32,023 | INFO | phase12a_analysis | direction_A__totalvi__subset1__seed00 macroF1=0.6154 AUROC=0.8333
2026-09-10 03:29:32,392 | INFO | phase12a_analysis | direction_A__totalvi__subset1__seed00__rep01 macroF1=0.6252 AUROC=0.8266
2026-09-10 03:29:32,722 | INFO | phase12a_analysis | direction_A__totalvi__subset1__seed01 macroF1=0.5824 AUROC=0.8356
2026-09-10 03:29:33,112 | INFO | phase12a_analysis | direction_A__totalvi__subset1__seed01__rep01 macroF1=0.6127 AUROC=0.8325
2026-09-10 03:29:33,466 | INFO | phase12a_analysis | direction_A__totalvi__subset1__seed02 macroF1=0.6084 AUROC=0.8522
2026-09-10 03:29:33,838 | INFO | phase12a_analysis | direction_A__totalvi__subset1__seed02__rep01 macroF1=0.5976 AUROC=0.8628
2026-09-10 03:29:34,217 | INFO | phase12a_analysis | direction_A__totalvi__subset1__seed03 macroF1=0.6268 AUROC=0.8461
2026-09-10 03:29:34,566 | INFO | phase12a_analysis | direction_A__totalvi__subset1__seed03__rep01 macroF1=0.6003 AUROC=0.8457
2026-09-10 03:29:34,920 | INFO | phase12a_analysis | direction_A__totalvi__subset1__seed04 macroF1=0.6213 AUROC=0.8194
2026-09-10 03:29:35,266 | INFO | phase12a_analysis | direction_A__totalvi__subset1__seed04__rep01 macroF1=0.6002 AUROC=0.8340
2026-09-10 03:29:35,566 | INFO | phase12a_analysis | direction_A__scvi_matched__subset2__seed00 macroF1=0.6080 AUROC=0.8426
2026-09-10 03:29:35,851 | INFO | phase12a_analysis | direction_A__scvi_matched__subset2__seed00__rep01 macroF1=0.5914 AUROC=0.8482
2026-09-10 03:29:36,171 | INFO | phase12a_analysis | direction_A__scvi_matched__subset2__seed01 macroF1=0.5951 AUROC=0.8432
2026-09-10 03:29:36,479 | INFO | phase12a_analysis | direction_A__scvi_matched__subset2__seed01__rep01 macroF1=0.6193 AUROC=0.8315
2026-09-10 03:29:36,769 | INFO | phase12a_analysis | direction_A__scvi_matched__subset2__seed02 macroF1=0.6057 AUROC=0.8267
2026-09-10 03:29:37,058 | INFO | phase12a_analysis | direction_A__scvi_matched__subset2__seed02__rep01 macroF1=0.5756 AUROC=0.8338
2026-09-10 03:29:37,342 | INFO | phase12a_analysis | direction_A__scvi_matched__subset2__seed03 macroF1=0.5815 AUROC=0.8337
2026-09-10 03:29:37,639 | INFO | phase12a_analysis | direction_A__scvi_matched__subset2__seed03__rep01 macroF1=0.5621 AUROC=0.8417
2026-09-10 03:29:37,935 | INFO | phase12a_analysis | direction_A__scvi_matched__subset2__seed04 macroF1=0.5808 AUROC=0.8430
2026-09-10 03:29:38,230 | INFO | phase12a_analysis | direction_A__scvi_matched__subset2__seed04__rep01 macroF1=0.5935 AUROC=0.8477
2026-09-10 03:29:38,597 | INFO | phase12a_analysis | direction_A__totalvi__subset2__seed00 macroF1=0.6206 AUROC=0.8405
2026-09-10 03:29:38,968 | INFO | phase12a_analysis | direction_A__totalvi__subset2__seed00__rep01 macroF1=0.6122 AUROC=0.8316
2026-09-10 03:29:39,372 | INFO | phase12a_analysis | direction_A__totalvi__subset2__seed01 macroF1=0.6223 AUROC=0.8552
2026-09-10 03:29:39,747 | INFO | phase12a_analysis | direction_A__totalvi__subset2__seed01__rep01 macroF1=0.6631 AUROC=0.8357
2026-09-10 03:29:40,142 | INFO | phase12a_analysis | direction_A__totalvi__subset2__seed02 macroF1=0.6012 AUROC=0.8355
2026-09-10 03:29:40,476 | INFO | phase12a_analysis | direction_A__totalvi__subset2__seed02__rep01 macroF1=0.5645 AUROC=0.8369
2026-09-10 03:29:40,818 | INFO | phase12a_analysis | direction_A__totalvi__subset2__seed03 macroF1=0.6121 AUROC=0.8407
2026-09-10 03:29:41,168 | INFO | phase12a_analysis | direction_A__totalvi__subset2__seed03__rep01 macroF1=0.6482 AUROC=0.8367
2026-09-10 03:29:41,546 | INFO | phase12a_analysis | direction_A__totalvi__subset2__seed04 macroF1=0.6056 AUROC=0.8409
2026-09-10 03:29:41,909 | INFO | phase12a_analysis | direction_A__totalvi__subset2__seed04__rep01 macroF1=0.6290 AUROC=0.8270
2026-09-10 03:29:42,218 | INFO | phase12a_analysis | direction_A__scvi_matched__subset3__seed00 macroF1=0.5917 AUROC=0.8414
2026-09-10 03:29:42,519 | INFO | phase12a_analysis | direction_A__scvi_matched__subset3__seed00__rep01 macroF1=0.5851 AUROC=0.8269
2026-09-10 03:29:42,832 | INFO | phase12a_analysis | direction_A__scvi_matched__subset3__seed01 macroF1=0.6205 AUROC=0.8460
2026-09-10 03:29:43,128 | INFO | phase12a_analysis | direction_A__scvi_matched__subset3__seed01__rep01 macroF1=0.6078 AUROC=0.8413
2026-09-10 03:29:43,428 | INFO | phase12a_analysis | direction_A__scvi_matched__subset3__seed02 macroF1=0.5912 AUROC=0.8162
2026-09-10 03:29:43,733 | INFO | phase12a_analysis | direction_A__scvi_matched__subset3__seed02__rep01 macroF1=0.5918 AUROC=0.8297
2026-09-10 03:29:44,077 | INFO | phase12a_analysis | direction_A__scvi_matched__subset3__seed03 macroF1=0.6067 AUROC=0.8366
2026-09-10 03:29:44,376 | INFO | phase12a_analysis | direction_A__scvi_matched__subset3__seed03__rep01 macroF1=0.5614 AUROC=0.8432
2026-09-10 03:29:44,715 | INFO | phase12a_analysis | direction_A__scvi_matched__subset3__seed04 macroF1=0.5942 AUROC=0.8241
2026-09-10 03:29:45,044 | INFO | phase12a_analysis | direction_A__scvi_matched__subset3__seed04__rep01 macroF1=0.5764 AUROC=0.8424
2026-09-10 03:29:45,405 | INFO | phase12a_analysis | direction_A__totalvi__subset3__seed00 macroF1=0.6401 AUROC=0.8380
2026-09-10 03:29:45,760 | INFO | phase12a_analysis | direction_A__totalvi__subset3__seed00__rep01 macroF1=0.6156 AUROC=0.8357
2026-09-10 03:29:46,101 | INFO | phase12a_analysis | direction_A__totalvi__subset3__seed01 macroF1=0.5892 AUROC=0.8410
2026-09-10 03:29:46,491 | INFO | phase12a_analysis | direction_A__totalvi__subset3__seed01__rep01 macroF1=0.6150 AUROC=0.8389
2026-09-10 03:29:46,858 | INFO | phase12a_analysis | direction_A__totalvi__subset3__seed02 macroF1=0.6163 AUROC=0.8495
2026-09-10 03:29:47,179 | INFO | phase12a_analysis | direction_A__totalvi__subset3__seed02__rep01 macroF1=0.5897 AUROC=0.8360
2026-09-10 03:29:47,570 | INFO | phase12a_analysis | direction_A__totalvi__subset3__seed03 macroF1=0.6286 AUROC=0.8365
2026-09-10 03:29:47,926 | INFO | phase12a_analysis | direction_A__totalvi__subset3__seed03__rep01 macroF1=0.6327 AUROC=0.8331
2026-09-10 03:29:48,331 | INFO | phase12a_analysis | direction_A__totalvi__subset3__seed04 macroF1=0.6328 AUROC=0.8378
2026-09-10 03:29:48,688 | INFO | phase12a_analysis | direction_A__totalvi__subset3__seed04__rep01 macroF1=0.6128 AUROC=0.8155
2026-09-10 03:29:48,984 | INFO | phase12a_analysis | direction_A__scvi_matched__subset4__seed00 macroF1=0.5777 AUROC=0.8483
2026-09-10 03:29:49,275 | INFO | phase12a_analysis | direction_A__scvi_matched__subset4__seed00__rep01 macroF1=0.6061 AUROC=0.8364
2026-09-10 03:29:49,559 | INFO | phase12a_analysis | direction_A__scvi_matched__subset4__seed01 macroF1=0.6283 AUROC=0.8417
2026-09-10 03:29:49,854 | INFO | phase12a_analysis | direction_A__scvi_matched__subset4__seed01__rep01 macroF1=0.6025 AUROC=0.8427
2026-09-10 03:29:50,144 | INFO | phase12a_analysis | direction_A__scvi_matched__subset4__seed02 macroF1=0.5923 AUROC=0.8441
2026-09-10 03:29:50,438 | INFO | phase12a_analysis | direction_A__scvi_matched__subset4__seed02__rep01 macroF1=0.6278 AUROC=0.8396
2026-09-10 03:29:50,733 | INFO | phase12a_analysis | direction_A__scvi_matched__subset4__seed03 macroF1=0.5933 AUROC=0.8418
2026-09-10 03:29:51,037 | INFO | phase12a_analysis | direction_A__scvi_matched__subset4__seed03__rep01 macroF1=0.5770 AUROC=0.8248
2026-09-10 03:29:51,329 | INFO | phase12a_analysis | direction_A__scvi_matched__subset4__seed04 macroF1=0.6028 AUROC=0.8276
2026-09-10 03:29:51,625 | INFO | phase12a_analysis | direction_A__scvi_matched__subset4__seed04__rep01 macroF1=0.5988 AUROC=0.8264
2026-09-10 03:29:51,978 | INFO | phase12a_analysis | direction_A__totalvi__subset4__seed00 macroF1=0.5955 AUROC=0.8454
2026-09-10 03:29:52,321 | INFO | phase12a_analysis | direction_A__totalvi__subset4__seed00__rep01 macroF1=0.6123 AUROC=0.8534
2026-09-10 03:29:52,674 | INFO | phase12a_analysis | direction_A__totalvi__subset4__seed01 macroF1=0.5981 AUROC=0.8380
2026-09-10 03:29:53,054 | INFO | phase12a_analysis | direction_A__totalvi__subset4__seed01__rep01 macroF1=0.6254 AUROC=0.8362
2026-09-10 03:29:53,403 | INFO | phase12a_analysis | direction_A__totalvi__subset4__seed02 macroF1=0.5991 AUROC=0.8489
2026-09-10 03:29:53,763 | INFO | phase12a_analysis | direction_A__totalvi__subset4__seed02__rep01 macroF1=0.6013 AUROC=0.8428
2026-09-10 03:29:54,121 | INFO | phase12a_analysis | direction_A__totalvi__subset4__seed03 macroF1=0.6204 AUROC=0.8555
2026-09-10 03:29:54,511 | INFO | phase12a_analysis | direction_A__totalvi__subset4__seed03__rep01 macroF1=0.6103 AUROC=0.8546
2026-09-10 03:29:54,882 | INFO | phase12a_analysis | direction_A__totalvi__subset4__seed04 macroF1=0.5861 AUROC=0.8229
2026-09-10 03:29:55,275 | INFO | phase12a_analysis | direction_A__totalvi__subset4__seed04__rep01 macroF1=0.6397 AUROC=0.8243
2026-09-10 03:29:55,441 | INFO | phase12a_analysis | replicate 0 reproduces PHASE 11B exactly (max abs diff 9.714e-17)
2026-09-10 03:29:55,441 | INFO | phase12a_analysis | score done: 100 rows
2026-09-10 03:29:55,442 | INFO | phase12a_analysis | === stage variance (2026-09-09T17:29:55.442388+00:00) ===
2026-09-10 03:29:55,455 | INFO | phase12a_analysis | scvi_matched macro_f1: source 0.023 seed 0.000 interaction 0.355 residual 0.622 (p_interaction=0.0428)
2026-09-10 03:29:55,467 | INFO | phase12a_analysis | scvi_matched error_auroc: source 0.000 seed 0.084 interaction 0.207 residual 0.709 (p_interaction=0.147)
2026-09-10 03:29:55,478 | INFO | phase12a_analysis | scvi_matched error_auprc: source 0.011 seed 0.000 interaction 0.284 residual 0.705 (p_interaction=0.0899)
2026-09-10 03:29:55,490 | INFO | phase12a_analysis | scvi_matched nll: source 0.102 seed 0.168 interaction 0.269 residual 0.460 (p_interaction=0.0401)
2026-09-10 03:29:55,502 | INFO | phase12a_analysis | scvi_matched brier: source 0.070 seed 0.088 interaction 0.273 residual 0.569 (p_interaction=0.064)
2026-09-10 03:29:55,513 | INFO | phase12a_analysis | scvi_matched ece: source 0.024 seed 0.000 interaction 0.094 residual 0.882 (p_interaction=0.324)
2026-09-10 03:29:55,525 | INFO | phase12a_analysis | scvi_matched aurc: source 0.061 seed 0.098 interaction 0.333 residual 0.508 (p_interaction=0.0293)
2026-09-10 03:29:55,538 | INFO | phase12a_analysis | totalvi macro_f1: source 0.000 seed 0.056 interaction 0.032 residual 0.911 (p_interaction=0.427)
2026-09-10 03:29:55,549 | INFO | phase12a_analysis | totalvi error_auroc: source 0.000 seed 0.200 interaction 0.302 residual 0.498 (p_interaction=0.0365)
2026-09-10 03:29:55,561 | INFO | phase12a_analysis | totalvi error_auprc: source 0.002 seed 0.031 interaction 0.388 residual 0.579 (p_interaction=0.0276)
2026-09-10 03:29:55,572 | INFO | phase12a_analysis | totalvi nll: source 0.000 seed 0.041 interaction 0.000 residual 0.959 (p_interaction=0.83)
2026-09-10 03:29:55,583 | INFO | phase12a_analysis | totalvi brier: source 0.000 seed 0.028 interaction 0.115 residual 0.857 (p_interaction=0.289)
2026-09-10 03:29:55,595 | INFO | phase12a_analysis | totalvi ece: source 0.025 seed 0.033 interaction 0.000 residual 0.943 (p_interaction=0.631)
2026-09-10 03:29:55,607 | INFO | phase12a_analysis | totalvi aurc: source 0.000 seed 0.040 interaction 0.170 residual 0.790 (p_interaction=0.206)
2026-09-10 03:29:55,608 | INFO | phase12a_analysis | delta macro_f1: source 0.051 seed 0.120 interaction 0.141 residual 0.688 (p_interaction=0.214)
2026-09-10 03:29:55,609 | INFO | phase12a_analysis | delta error_auroc: source 0.000 seed 0.131 interaction 0.129 residual 0.740 (p_interaction=0.245)
2026-09-10 03:29:55,611 | INFO | phase12a_analysis | delta error_auprc: source 0.167 seed 0.010 interaction 0.174 residual 0.649 (p_interaction=0.163)
2026-09-10 03:29:55,612 | INFO | phase12a_analysis | delta nll: source 0.069 seed 0.196 interaction 0.006 residual 0.729 (p_interaction=0.472)
2026-09-10 03:29:55,613 | INFO | phase12a_analysis | delta brier: source 0.022 seed 0.114 interaction 0.263 residual 0.602 (p_interaction=0.0773)
2026-09-10 03:29:55,615 | INFO | phase12a_analysis | delta ece: source 0.030 seed 0.030 interaction 0.121 residual 0.818 (p_interaction=0.273)
2026-09-10 03:29:55,616 | INFO | phase12a_analysis | delta aurc: source 0.000 seed 0.056 interaction 0.358 residual 0.586 (p_interaction=0.0356)
2026-09-10 03:29:55,620 | INFO | phase12a_analysis | variance done
2026-09-10 03:29:55,620 | INFO | phase12a_analysis | === stage percell (2026-09-09T17:29:55.620200+00:00) ===
2026-09-10 03:29:59,558 | INFO | phase12a_analysis | setup: 20 common l2 classes, 3305 fixed target cells
2026-09-10 03:29:59,751 | INFO | phase12a_analysis | scvi_matched per-cell medians: source 0.101 seed 0.011 interaction 0.000 residual 0.776
2026-09-10 03:29:59,795 | INFO | phase12a_analysis | totalvi per-cell medians: source 0.055 seed 0.020 interaction 0.010 residual 0.808
2026-09-10 03:29:59,864 | INFO | phase12a_analysis | percell done: 3305 cells x 2 models
double free or corruption (out)
/home/jizhu/miniconda3/envs/multiomics_robustness/lib/python3.11/site-packages/anndata/utils.py:434: FutureWarning: Importing read_csv from `anndata` is deprecated. Import anndata.io.read_csv instead.
  warnings.warn(msg, FutureWarning)
/home/jizhu/miniconda3/envs/multiomics_robustness/lib/python3.11/site-packages/anndata/utils.py:434: FutureWarning: Importing read_excel from `anndata` is deprecated. Import anndata.io.read_excel instead.
  warnings.warn(msg, FutureWarning)
/home/jizhu/miniconda3/envs/multiomics_robustness/lib/python3.11/site-packages/anndata/utils.py:434: FutureWarning: Importing read_hdf from `anndata` is deprecated. Import anndata.io.read_hdf instead.
  warnings.warn(msg, FutureWarning)
/home/jizhu/miniconda3/envs/multiomics_robustness/lib/python3.11/site-packages/anndata/utils.py:434: FutureWarning: Importing read_loom from `anndata` is deprecated. Import anndata.io.read_loom instead.
  warnings.warn(msg, FutureWarning)
/home/jizhu/miniconda3/envs/multiomics_robustness/lib/python3.11/site-packages/anndata/utils.py:434: FutureWarning: Importing read_mtx from `anndata` is deprecated. Import anndata.io.read_mtx instead.
  warnings.warn(msg, FutureWarning)
/home/jizhu/miniconda3/envs/multiomics_robustness/lib/python3.11/site-packages/anndata/utils.py:434: FutureWarning: Importing read_text from `anndata` is deprecated. Import anndata.io.read_text instead.
  warnings.warn(msg, FutureWarning)
/home/jizhu/miniconda3/envs/multiomics_robustness/lib/python3.11/site-packages/anndata/utils.py:434: FutureWarning: Importing read_umi_tools from `anndata` is deprecated. Import anndata.io.read_umi_tools instead.
  warnings.warn(msg, FutureWarning)
[fig1_old_vs_new]
  wrote figure01_old_vs_new_components
[fig2_by_model]
  wrote figure02_variance_by_model
[fig3_delta]
  wrote figure03_delta_variance_decomposition
[fig4_celltype]
  wrote figure04_celltype_variance_decomposition
[fig5_literature]
  wrote figure05_literature_method_comparison
/home/jizhu/miniconda3/envs/multiomics_robustness/lib/python3.11/site-packages/anndata/utils.py:434: FutureWarning: Importing read_csv from `anndata` is deprecated. Import anndata.io.read_csv instead.
  warnings.warn(msg, FutureWarning)
/home/jizhu/miniconda3/envs/multiomics_robustness/lib/python3.11/site-packages/anndata/utils.py:434: FutureWarning: Importing read_excel from `anndata` is deprecated. Import anndata.io.read_excel instead.
  warnings.warn(msg, FutureWarning)
/home/jizhu/miniconda3/envs/multiomics_robustness/lib/python3.11/site-packages/anndata/utils.py:434: FutureWarning: Importing read_hdf from `anndata` is deprecated. Import anndata.io.read_hdf instead.
  warnings.warn(msg, FutureWarning)
/home/jizhu/miniconda3/envs/multiomics_robustness/lib/python3.11/site-packages/anndata/utils.py:434: FutureWarning: Importing read_loom from `anndata` is deprecated. Import anndata.io.read_loom instead.
  warnings.warn(msg, FutureWarning)
/home/jizhu/miniconda3/envs/multiomics_robustness/lib/python3.11/site-packages/anndata/utils.py:434: FutureWarning: Importing read_mtx from `anndata` is deprecated. Import anndata.io.read_mtx instead.
  warnings.warn(msg, FutureWarning)
/home/jizhu/miniconda3/envs/multiomics_robustness/lib/python3.11/site-packages/anndata/utils.py:434: FutureWarning: Importing read_text from `anndata` is deprecated. Import anndata.io.read_text instead.
  warnings.warn(msg, FutureWarning)
/home/jizhu/miniconda3/envs/multiomics_robustness/lib/python3.11/site-packages/anndata/utils.py:434: FutureWarning: Importing read_umi_tools from `anndata` is deprecated. Import anndata.io.read_umi_tools instead.
  warnings.warn(msg, FutureWarning)
wrote /home/jizhu/research/multiomics_robustness/results/phase12a_variance_replication/logs/phase12a_interpretation.md
