2026-09-09 23:37:15,145 | INFO | phase12a | copied crossed class plan from PHASE 11B: /home/jizhu/research/multiomics_robustness/results/phase11b_uncertainty_robustness/logs/crossed_class_plan.json
2026-09-09 23:37:15,146 | INFO | phase12a | PHASE 12A: 50 jobs, 50 pending, start 2026-09-09T13:37:15.145985+00:00
2026-09-09 23:37:15,146 | INFO | phase12a | loading PBMC10k -> PBMC5k
2026-09-09 23:37:20,867 | INFO | phase12a | built source subset 0 (n=3994)
2026-09-09 23:37:20,867 | INFO | phase12a | === direction_A__scvi_matched__subset0__seed00__rep01 (source n=3994 target n=3994) ===
2026-09-09 23:39:23,581 | INFO | phase12a | direction_A__scvi_matched__subset0__seed00__rep01 done: src_ep=200 q_ep=200 runtime=120s drift_mean=0.000000 integrity=0.00e+00 u_latent=0.07877 ram_avail=5383MB
2026-09-09 23:39:23,729 | INFO | phase12a | === direction_A__totalvi__subset0__seed00__rep01 (source n=3994 target n=3994) ===
2026-09-09 23:42:50,498 | INFO | phase12a | direction_A__totalvi__subset0__seed00__rep01 done: src_ep=200 q_ep=200 runtime=204s drift_mean=0.018194 integrity=0.00e+00 u_latent=0.03508 ram_avail=5240MB
2026-09-09 23:42:50,647 | INFO | phase12a | === direction_A__scvi_matched__subset0__seed01__rep01 (source n=3994 target n=3994) ===
2026-09-09 23:44:54,715 | INFO | phase12a | direction_A__scvi_matched__subset0__seed01__rep01 done: src_ep=200 q_ep=200 runtime=122s drift_mean=0.000000 integrity=0.00e+00 u_latent=0.09677 ram_avail=4455MB
2026-09-09 23:44:54,874 | INFO | phase12a | === direction_A__totalvi__subset0__seed01__rep01 (source n=3994 target n=3994) ===
2026-09-09 23:48:19,531 | INFO | phase12a | direction_A__totalvi__subset0__seed01__rep01 done: src_ep=200 q_ep=200 runtime=202s drift_mean=0.016660 integrity=0.00e+00 u_latent=0.03204 ram_avail=5238MB
2026-09-09 23:48:19,679 | INFO | phase12a | === direction_A__scvi_matched__subset0__seed02__rep01 (source n=3994 target n=3994) ===
2026-09-09 23:50:22,600 | INFO | phase12a | direction_A__scvi_matched__subset0__seed02__rep01 done: src_ep=200 q_ep=200 runtime=121s drift_mean=0.000000 integrity=0.00e+00 u_latent=0.06338 ram_avail=5222MB
2026-09-09 23:50:22,758 | INFO | phase12a | === direction_A__totalvi__subset0__seed02__rep01 (source n=3994 target n=3994) ===
2026-09-10 01:27:13,923 | INFO | phase12a | PHASE 12A: 50 jobs, 45 pending, start 2026-09-09T15:27:13.923608+00:00
2026-09-10 01:27:13,923 | INFO | phase12a | loading PBMC10k -> PBMC5k
2026-09-10 01:27:19,697 | INFO | phase12a | built source subset 0 (n=3994)
2026-09-10 01:27:19,698 | INFO | phase12a | === direction_A__totalvi__subset0__seed02__rep01 (source n=3994 target n=3994) ===
2026-09-10 01:30:33,486 | INFO | phase12a | direction_A__totalvi__subset0__seed02__rep01 done: src_ep=200 q_ep=200 runtime=191s drift_mean=0.015208 integrity=0.00e+00 u_latent=0.03738 ram_avail=5204MB
2026-09-10 01:30:33,634 | INFO | phase12a | === direction_A__scvi_matched__subset0__seed03__rep01 (source n=3994 target n=3994) ===
2026-09-10 01:32:31,151 | INFO | phase12a | direction_A__scvi_matched__subset0__seed03__rep01 done: src_ep=200 q_ep=200 runtime=116s drift_mean=0.000000 integrity=0.00e+00 u_latent=0.09607 ram_avail=5201MB
2026-09-10 01:32:31,296 | INFO | phase12a | === direction_A__totalvi__subset0__seed03__rep01 (source n=3994 target n=3994) ===
2026-09-10 01:35:52,128 | INFO | phase12a | direction_A__totalvi__subset0__seed03__rep01 done: src_ep=200 q_ep=200 runtime=198s drift_mean=0.016464 integrity=0.00e+00 u_latent=0.03440 ram_avail=5190MB
2026-09-10 01:35:52,282 | INFO | phase12a | === direction_A__scvi_matched__subset0__seed04__rep01 (source n=3994 target n=3994) ===
2026-09-10 01:37:51,698 | INFO | phase12a | direction_A__scvi_matched__subset0__seed04__rep01 done: src_ep=200 q_ep=200 runtime=118s drift_mean=0.000000 integrity=0.00e+00 u_latent=0.14718 ram_avail=5183MB
2026-09-10 01:37:51,847 | INFO | phase12a | === direction_A__totalvi__subset0__seed04__rep01 (source n=3994 target n=3994) ===
2026-09-10 01:41:10,230 | INFO | phase12a | direction_A__totalvi__subset0__seed04__rep01 done: src_ep=200 q_ep=200 runtime=196s drift_mean=0.017128 integrity=0.00e+00 u_latent=0.03722 ram_avail=5200MB
2026-09-10 01:41:10,555 | INFO | phase12a | built source subset 1 (n=3994)
2026-09-10 01:41:10,556 | INFO | phase12a | === direction_A__scvi_matched__subset1__seed00__rep01 (source n=3994 target n=3994) ===
2026-09-10 01:43:11,149 | INFO | phase12a | direction_A__scvi_matched__subset1__seed00__rep01 done: src_ep=200 q_ep=200 runtime=119s drift_mean=0.000000 integrity=0.00e+00 u_latent=0.11343 ram_avail=5118MB
2026-09-10 01:43:11,297 | INFO | phase12a | === direction_A__totalvi__subset1__seed00__rep01 (source n=3994 target n=3994) ===
2026-09-10 01:46:30,430 | INFO | phase12a | direction_A__totalvi__subset1__seed00__rep01 done: src_ep=200 q_ep=200 runtime=196s drift_mean=0.015725 integrity=0.00e+00 u_latent=0.03421 ram_avail=5128MB
2026-09-10 01:46:30,579 | INFO | phase12a | === direction_A__scvi_matched__subset1__seed01__rep01 (source n=3994 target n=3994) ===
2026-09-10 01:48:29,428 | INFO | phase12a | direction_A__scvi_matched__subset1__seed01__rep01 done: src_ep=200 q_ep=200 runtime=117s drift_mean=0.000000 integrity=0.00e+00 u_latent=0.11484 ram_avail=5071MB
2026-09-10 01:48:29,577 | INFO | phase12a | === direction_A__totalvi__subset1__seed01__rep01 (source n=3994 target n=3994) ===
2026-09-10 01:51:46,275 | INFO | phase12a | direction_A__totalvi__subset1__seed01__rep01 done: src_ep=200 q_ep=200 runtime=194s drift_mean=0.014962 integrity=0.00e+00 u_latent=0.03209 ram_avail=5141MB
2026-09-10 01:51:46,423 | INFO | phase12a | === direction_A__scvi_matched__subset1__seed02__rep01 (source n=3994 target n=3994) ===
2026-09-10 01:53:45,968 | INFO | phase12a | direction_A__scvi_matched__subset1__seed02__rep01 done: src_ep=200 q_ep=200 runtime=118s drift_mean=0.000000 integrity=0.00e+00 u_latent=0.09344 ram_avail=5097MB
2026-09-10 01:53:46,116 | INFO | phase12a | === direction_A__totalvi__subset1__seed02__rep01 (source n=3994 target n=3994) ===
2026-09-10 01:57:04,253 | INFO | phase12a | direction_A__totalvi__subset1__seed02__rep01 done: src_ep=200 q_ep=200 runtime=195s drift_mean=0.016517 integrity=0.00e+00 u_latent=0.03370 ram_avail=5141MB
2026-09-10 01:57:04,402 | INFO | phase12a | === direction_A__scvi_matched__subset1__seed03__rep01 (source n=3994 target n=3994) ===
2026-09-10 01:59:05,003 | INFO | phase12a | direction_A__scvi_matched__subset1__seed03__rep01 done: src_ep=200 q_ep=200 runtime=119s drift_mean=0.000000 integrity=0.00e+00 u_latent=0.09459 ram_avail=5076MB
2026-09-10 01:59:05,145 | INFO | phase12a | === direction_A__totalvi__subset1__seed03__rep01 (source n=3994 target n=3994) ===
2026-09-10 02:02:21,211 | INFO | phase12a | direction_A__totalvi__subset1__seed03__rep01 done: src_ep=200 q_ep=200 runtime=193s drift_mean=0.016701 integrity=0.00e+00 u_latent=0.03645 ram_avail=5134MB
2026-09-10 02:02:21,357 | INFO | phase12a | === direction_A__scvi_matched__subset1__seed04__rep01 (source n=3994 target n=3994) ===
2026-09-10 02:04:19,964 | INFO | phase12a | direction_A__scvi_matched__subset1__seed04__rep01 done: src_ep=200 q_ep=200 runtime=117s drift_mean=0.000000 integrity=0.00e+00 u_latent=0.10645 ram_avail=5094MB
2026-09-10 02:04:20,112 | INFO | phase12a | === direction_A__totalvi__subset1__seed04__rep01 (source n=3994 target n=3994) ===
2026-09-10 02:07:39,512 | INFO | phase12a | direction_A__totalvi__subset1__seed04__rep01 done: src_ep=200 q_ep=200 runtime=197s drift_mean=0.017117 integrity=0.00e+00 u_latent=0.03376 ram_avail=5073MB
2026-09-10 02:07:39,832 | INFO | phase12a | built source subset 2 (n=3994)
2026-09-10 02:07:39,832 | INFO | phase12a | === direction_A__scvi_matched__subset2__seed00__rep01 (source n=3994 target n=3994) ===
2026-09-10 02:09:38,682 | INFO | phase12a | direction_A__scvi_matched__subset2__seed00__rep01 done: src_ep=200 q_ep=200 runtime=117s drift_mean=0.000000 integrity=0.00e+00 u_latent=0.06776 ram_avail=5067MB
2026-09-10 02:09:38,823 | INFO | phase12a | === direction_A__totalvi__subset2__seed00__rep01 (source n=3994 target n=3994) ===
2026-09-10 02:12:56,150 | INFO | phase12a | direction_A__totalvi__subset2__seed00__rep01 done: src_ep=200 q_ep=200 runtime=194s drift_mean=0.022376 integrity=0.00e+00 u_latent=0.03468 ram_avail=5067MB
2026-09-10 02:12:56,298 | INFO | phase12a | === direction_A__scvi_matched__subset2__seed01__rep01 (source n=3994 target n=3994) ===
2026-09-10 02:14:56,592 | INFO | phase12a | direction_A__scvi_matched__subset2__seed01__rep01 done: src_ep=200 q_ep=200 runtime=118s drift_mean=0.000000 integrity=0.00e+00 u_latent=0.06871 ram_avail=5069MB
2026-09-10 02:14:56,739 | INFO | phase12a | === direction_A__totalvi__subset2__seed01__rep01 (source n=3994 target n=3994) ===
2026-09-10 02:18:13,970 | INFO | phase12a | direction_A__totalvi__subset2__seed01__rep01 done: src_ep=200 q_ep=200 runtime=194s drift_mean=0.016879 integrity=0.00e+00 u_latent=0.03429 ram_avail=5110MB
2026-09-10 02:18:14,115 | INFO | phase12a | === direction_A__scvi_matched__subset2__seed02__rep01 (source n=3994 target n=3994) ===
2026-09-10 02:20:15,048 | INFO | phase12a | direction_A__scvi_matched__subset2__seed02__rep01 done: src_ep=200 q_ep=200 runtime=119s drift_mean=0.000000 integrity=0.00e+00 u_latent=0.08524 ram_avail=5164MB
2026-09-10 02:20:15,196 | INFO | phase12a | === direction_A__totalvi__subset2__seed02__rep01 (source n=3994 target n=3994) ===
2026-09-10 02:23:31,162 | INFO | phase12a | direction_A__totalvi__subset2__seed02__rep01 done: src_ep=200 q_ep=200 runtime=193s drift_mean=0.016816 integrity=0.00e+00 u_latent=0.03450 ram_avail=5141MB
2026-09-10 02:23:31,309 | INFO | phase12a | === direction_A__scvi_matched__subset2__seed03__rep01 (source n=3994 target n=3994) ===
2026-09-10 02:25:29,175 | INFO | phase12a | direction_A__scvi_matched__subset2__seed03__rep01 done: src_ep=200 q_ep=200 runtime=116s drift_mean=0.000000 integrity=0.00e+00 u_latent=0.10322 ram_avail=5101MB
2026-09-10 02:25:29,321 | INFO | phase12a | === direction_A__totalvi__subset2__seed03__rep01 (source n=3994 target n=3994) ===
2026-09-10 02:28:45,785 | INFO | phase12a | direction_A__totalvi__subset2__seed03__rep01 done: src_ep=200 q_ep=200 runtime=194s drift_mean=0.019984 integrity=0.00e+00 u_latent=0.03319 ram_avail=5130MB
2026-09-10 02:28:45,929 | INFO | phase12a | === direction_A__scvi_matched__subset2__seed04__rep01 (source n=3994 target n=3994) ===
2026-09-10 02:30:50,342 | INFO | phase12a | direction_A__scvi_matched__subset2__seed04__rep01 done: src_ep=200 q_ep=200 runtime=123s drift_mean=0.000000 integrity=0.00e+00 u_latent=0.07697 ram_avail=5167MB
2026-09-10 02:30:50,487 | INFO | phase12a | === direction_A__totalvi__subset2__seed04__rep01 (source n=3994 target n=3994) ===
2026-09-10 02:34:10,160 | INFO | phase12a | direction_A__totalvi__subset2__seed04__rep01 done: src_ep=200 q_ep=200 runtime=197s drift_mean=0.016697 integrity=0.00e+00 u_latent=0.03510 ram_avail=5131MB
2026-09-10 02:34:10,485 | INFO | phase12a | built source subset 3 (n=3994)
2026-09-10 02:34:10,485 | INFO | phase12a | === direction_A__scvi_matched__subset3__seed00__rep01 (source n=3994 target n=3994) ===
2026-09-10 02:36:06,730 | INFO | phase12a | direction_A__scvi_matched__subset3__seed00__rep01 done: src_ep=200 q_ep=181 runtime=114s drift_mean=0.000000 integrity=0.00e+00 u_latent=0.07899 ram_avail=5143MB
2026-09-10 02:36:06,879 | INFO | phase12a | === direction_A__totalvi__subset3__seed00__rep01 (source n=3994 target n=3994) ===
2026-09-10 02:39:26,699 | INFO | phase12a | direction_A__totalvi__subset3__seed00__rep01 done: src_ep=200 q_ep=200 runtime=197s drift_mean=0.015686 integrity=0.00e+00 u_latent=0.03671 ram_avail=5172MB
2026-09-10 02:39:26,845 | INFO | phase12a | === direction_A__scvi_matched__subset3__seed01__rep01 (source n=3994 target n=3994) ===
2026-09-10 02:41:26,098 | INFO | phase12a | direction_A__scvi_matched__subset3__seed01__rep01 done: src_ep=200 q_ep=200 runtime=117s drift_mean=0.000000 integrity=0.00e+00 u_latent=0.09655 ram_avail=5120MB
2026-09-10 02:41:26,249 | INFO | phase12a | === direction_A__totalvi__subset3__seed01__rep01 (source n=3994 target n=3994) ===
2026-09-10 02:44:45,170 | INFO | phase12a | direction_A__totalvi__subset3__seed01__rep01 done: src_ep=200 q_ep=200 runtime=196s drift_mean=0.017350 integrity=0.00e+00 u_latent=0.03221 ram_avail=5122MB
2026-09-10 02:44:45,321 | INFO | phase12a | === direction_A__scvi_matched__subset3__seed02__rep01 (source n=3994 target n=3994) ===
2026-09-10 02:46:47,193 | INFO | phase12a | direction_A__scvi_matched__subset3__seed02__rep01 done: src_ep=200 q_ep=200 runtime=120s drift_mean=0.000000 integrity=0.00e+00 u_latent=0.09119 ram_avail=5131MB
2026-09-10 02:46:47,342 | INFO | phase12a | === direction_A__totalvi__subset3__seed02__rep01 (source n=3994 target n=3994) ===
2026-09-10 02:50:07,136 | INFO | phase12a | direction_A__totalvi__subset3__seed02__rep01 done: src_ep=200 q_ep=200 runtime=197s drift_mean=0.014732 integrity=0.00e+00 u_latent=0.03475 ram_avail=5131MB
2026-09-10 02:50:07,286 | INFO | phase12a | === direction_A__scvi_matched__subset3__seed03__rep01 (source n=3994 target n=3994) ===
2026-09-10 02:52:07,878 | INFO | phase12a | direction_A__scvi_matched__subset3__seed03__rep01 done: src_ep=200 q_ep=200 runtime=119s drift_mean=0.000000 integrity=0.00e+00 u_latent=0.11261 ram_avail=5141MB
2026-09-10 02:52:08,022 | INFO | phase12a | === direction_A__totalvi__subset3__seed03__rep01 (source n=3994 target n=3994) ===
2026-09-10 02:55:29,136 | INFO | phase12a | direction_A__totalvi__subset3__seed03__rep01 done: src_ep=200 q_ep=200 runtime=198s drift_mean=0.018122 integrity=0.00e+00 u_latent=0.03364 ram_avail=5134MB
2026-09-10 02:55:29,287 | INFO | phase12a | === direction_A__scvi_matched__subset3__seed04__rep01 (source n=3994 target n=3994) ===
2026-09-10 02:57:28,959 | INFO | phase12a | direction_A__scvi_matched__subset3__seed04__rep01 done: src_ep=200 q_ep=200 runtime=118s drift_mean=0.000000 integrity=0.00e+00 u_latent=0.09414 ram_avail=5120MB
2026-09-10 02:57:29,107 | INFO | phase12a | === direction_A__totalvi__subset3__seed04__rep01 (source n=3994 target n=3994) ===
2026-09-10 03:00:53,739 | INFO | phase12a | direction_A__totalvi__subset3__seed04__rep01 done: src_ep=200 q_ep=200 runtime=202s drift_mean=0.020447 integrity=0.00e+00 u_latent=0.03419 ram_avail=5146MB
2026-09-10 03:00:54,073 | INFO | phase12a | built source subset 4 (n=3994)
2026-09-10 03:00:54,073 | INFO | phase12a | === direction_A__scvi_matched__subset4__seed00__rep01 (source n=3994 target n=3994) ===
2026-09-10 03:02:58,401 | INFO | phase12a | direction_A__scvi_matched__subset4__seed00__rep01 done: src_ep=200 q_ep=200 runtime=122s drift_mean=0.000000 integrity=0.00e+00 u_latent=0.11293 ram_avail=5109MB
2026-09-10 03:02:58,555 | INFO | phase12a | === direction_A__totalvi__subset4__seed00__rep01 (source n=3994 target n=3994) ===
2026-09-10 03:06:22,700 | INFO | phase12a | direction_A__totalvi__subset4__seed00__rep01 done: src_ep=200 q_ep=200 runtime=201s drift_mean=0.016460 integrity=0.00e+00 u_latent=0.03488 ram_avail=5162MB
2026-09-10 03:06:22,853 | INFO | phase12a | === direction_A__scvi_matched__subset4__seed01__rep01 (source n=3994 target n=3994) ===
2026-09-10 03:08:25,471 | INFO | phase12a | direction_A__scvi_matched__subset4__seed01__rep01 done: src_ep=200 q_ep=200 runtime=121s drift_mean=0.000000 integrity=0.00e+00 u_latent=0.07070 ram_avail=5111MB
2026-09-10 03:08:25,622 | INFO | phase12a | === direction_A__totalvi__subset4__seed01__rep01 (source n=3994 target n=3994) ===
2026-09-10 03:11:44,924 | INFO | phase12a | direction_A__totalvi__subset4__seed01__rep01 done: src_ep=200 q_ep=200 runtime=196s drift_mean=0.017871 integrity=0.00e+00 u_latent=0.03721 ram_avail=5156MB
2026-09-10 03:11:45,073 | INFO | phase12a | === direction_A__scvi_matched__subset4__seed02__rep01 (source n=3994 target n=3994) ===
2026-09-10 03:13:45,835 | INFO | phase12a | direction_A__scvi_matched__subset4__seed02__rep01 done: src_ep=200 q_ep=200 runtime=119s drift_mean=0.000000 integrity=0.00e+00 u_latent=0.07168 ram_avail=5113MB
2026-09-10 03:13:45,991 | INFO | phase12a | === direction_A__totalvi__subset4__seed02__rep01 (source n=3994 target n=3994) ===
2026-09-10 03:17:07,933 | INFO | phase12a | direction_A__totalvi__subset4__seed02__rep01 done: src_ep=200 q_ep=200 runtime=199s drift_mean=0.021734 integrity=0.00e+00 u_latent=0.03660 ram_avail=5162MB
2026-09-10 03:17:08,085 | INFO | phase12a | === direction_A__scvi_matched__subset4__seed03__rep01 (source n=3994 target n=3994) ===
2026-09-10 03:19:11,234 | INFO | phase12a | direction_A__scvi_matched__subset4__seed03__rep01 done: src_ep=200 q_ep=200 runtime=121s drift_mean=0.000000 integrity=0.00e+00 u_latent=0.09593 ram_avail=5115MB
2026-09-10 03:19:11,383 | INFO | phase12a | === direction_A__totalvi__subset4__seed03__rep01 (source n=3994 target n=3994) ===
2026-09-10 03:22:33,338 | INFO | phase12a | direction_A__totalvi__subset4__seed03__rep01 done: src_ep=200 q_ep=200 runtime=199s drift_mean=0.015547 integrity=0.00e+00 u_latent=0.03821 ram_avail=5158MB
2026-09-10 03:22:33,482 | INFO | phase12a | === direction_A__scvi_matched__subset4__seed04__rep01 (source n=3994 target n=3994) ===
2026-09-10 03:24:34,095 | INFO | phase12a | direction_A__scvi_matched__subset4__seed04__rep01 done: src_ep=200 q_ep=200 runtime=119s drift_mean=0.000000 integrity=0.00e+00 u_latent=0.10252 ram_avail=5109MB
2026-09-10 03:24:34,246 | INFO | phase12a | === direction_A__totalvi__subset4__seed04__rep01 (source n=3994 target n=3994) ===
2026-09-10 03:27:57,516 | INFO | phase12a | direction_A__totalvi__subset4__seed04__rep01 done: src_ep=200 q_ep=200 runtime=200s drift_mean=0.017867 integrity=0.00e+00 u_latent=0.03698 ram_avail=5162MB
2026-09-10 03:27:57,816 | INFO | phase12a | PHASE 12A finished: 45 completed, 0 failed
