/home/jizhu/miniconda3/envs/multiomics_robustness/lib/python3.11/site-packages/anndata/utils.py:434: FutureWarning: Importing read_csv from `anndata` is deprecated. Import anndata.io.read_csv instead.
  warnings.warn(msg, FutureWarning)
/home/jizhu/miniconda3/envs/multiomics_robustness/lib/python3.11/site-packages/anndata/utils.py:434: FutureWarning: Importing read_excel from `anndata` is deprecated. Import anndata.io.read_excel instead.
  warnings.warn(msg, FutureWarning)
/home/jizhu/miniconda3/envs/multiomics_robustness/lib/python3.11/site-packages/anndata/utils.py:434: FutureWarning: Importing read_hdf from `anndata` is deprecated. Import anndata.io.read_hdf instead.
  warnings.warn(msg, FutureWarning)
/home/jizhu/miniconda3/envs/multiomics_robustness/lib/python3.11/site-packages/anndata/utils.py:434: FutureWarning: Importing read_loom from `anndata` is deprecated. Import anndata.io.read_loom instead.
  warnings.warn(msg, FutureWarning)
/home/jizhu/miniconda3/envs/multiomics_robustness/lib/python3.11/site-packages/anndata/utils.py:434: FutureWarning: Importing read_mtx from `anndata` is deprecated. Import anndata.io.read_mtx instead.
  warnings.warn(msg, FutureWarning)
/home/jizhu/miniconda3/envs/multiomics_robustness/lib/python3.11/site-packages/anndata/utils.py:434: FutureWarning: Importing read_text from `anndata` is deprecated. Import anndata.io.read_text instead.
  warnings.warn(msg, FutureWarning)
/home/jizhu/miniconda3/envs/multiomics_robustness/lib/python3.11/site-packages/anndata/utils.py:434: FutureWarning: Importing read_umi_tools from `anndata` is deprecated. Import anndata.io.read_umi_tools instead.
  warnings.warn(msg, FutureWarning)
2026-09-09 16:05:41,479 | INFO | phase11b_analysis | === stage repro (2026-09-09T06:05:41.479330+00:00) ===
2026-09-09 16:05:41,542 | INFO | phase11b_analysis | replication difference summary:
                                   mean  std  min  max
direction   model        metric                       
direction_A scvi_matched accuracy   0.0  0.0  0.0  0.0
                         macro_f1   0.0  0.0  0.0  0.0
            totalvi      accuracy   0.0  0.0  0.0  0.0
                         macro_f1   0.0  0.0  0.0  0.0
direction_B scvi_matched accuracy   0.0  0.0  0.0  0.0
                         macro_f1   0.0  0.0  0.0  0.0
            totalvi      accuracy   0.0  0.0  0.0  0.0
                         macro_f1   0.0  0.0  0.0  0.0
2026-09-09 16:05:41,542 | INFO | phase11b_analysis | repro done
