/home/jizhu/miniconda3/envs/multiomics_robustness/lib/python3.11/site-packages/anndata/utils.py:434: FutureWarning: Importing read_csv from `anndata` is deprecated. Import anndata.io.read_csv instead.
  warnings.warn(msg, FutureWarning)
/home/jizhu/miniconda3/envs/multiomics_robustness/lib/python3.11/site-packages/anndata/utils.py:434: FutureWarning: Importing read_excel from `anndata` is deprecated. Import anndata.io.read_excel instead.
  warnings.warn(msg, FutureWarning)
/home/jizhu/miniconda3/envs/multiomics_robustness/lib/python3.11/site-packages/anndata/utils.py:434: FutureWarning: Importing read_hdf from `anndata` is deprecated. Import anndata.io.read_hdf instead.
  warnings.warn(msg, FutureWarning)
/home/jizhu/miniconda3/envs/multiomics_robustness/lib/python3.11/site-packages/anndata/utils.py:434: FutureWarning: Importing read_loom from `anndata` is deprecated. Import anndata.io.read_loom instead.
  warnings.warn(msg, FutureWarning)
/home/jizhu/miniconda3/envs/multiomics_robustness/lib/python3.11/site-packages/anndata/utils.py:434: FutureWarning: Importing read_mtx from `anndata` is deprecated. Import anndata.io.read_mtx instead.
  warnings.warn(msg, FutureWarning)
/home/jizhu/miniconda3/envs/multiomics_robustness/lib/python3.11/site-packages/anndata/utils.py:434: FutureWarning: Importing read_text from `anndata` is deprecated. Import anndata.io.read_text instead.
  warnings.warn(msg, FutureWarning)
/home/jizhu/miniconda3/envs/multiomics_robustness/lib/python3.11/site-packages/anndata/utils.py:434: FutureWarning: Importing read_umi_tools from `anndata` is deprecated. Import anndata.io.read_umi_tools instead.
  warnings.warn(msg, FutureWarning)
PHASE 11B figures
  wrote figure01_experimental_design
  wrote figure02_20seed_auroc_distribution
  wrote figure04_latent_uncertainty_correct_incorrect
  wrote figure05_predictive_vs_latent_uncertainty
  wrote figure03_paired_seed_deltas
  wrote figure06_ensemble_convergence
  wrote figure07_crossed_macrof1_heatmaps
  wrote figure08_crossed_delta_heatmap
  wrote figure09_variance_components
  wrote figure10_celltype_variance
  wrote figure11_uncertainty_vs_source_subset_instability
  wrote figure12_uncertainty_vs_model_seed_instability
  wrote figure13_risk_coverage_20seed
  wrote figure14_celltype_retention
figures done
