2026-09-09 18:13:04,707 | INFO | phase11b_mc | direction_A__scvi_matched__seed00 S=50 ratio=0.9817 (expect 1.0 for variance; 0.2175 if it were an SD)
2026-09-09 18:13:11,166 | INFO | phase11b_mc | direction_A__scvi_matched__seed00 S=100 ratio=0.9904 (expect 1.0 for variance; 0.2197 if it were an SD)
2026-09-09 18:13:15,222 | INFO | phase11b_mc | direction_A__scvi_matched__seed05 S=50 ratio=0.9784 (expect 1.0 for variance; 0.2568 if it were an SD)
2026-09-09 18:13:19,234 | INFO | phase11b_mc | direction_A__scvi_matched__seed10 S=50 ratio=0.9791 (expect 1.0 for variance; 0.2549 if it were an SD)
2026-09-09 18:13:23,207 | INFO | phase11b_mc | direction_A__scvi_matched__seed15 S=50 ratio=0.9806 (expect 1.0 for variance; 0.2660 if it were an SD)
2026-09-09 18:13:29,516 | INFO | phase11b_mc | direction_A__totalvi__seed00 S=50 ratio=0.9786 (expect 1.0 for variance; 0.1501 if it were an SD)
2026-09-09 18:13:40,637 | INFO | phase11b_mc | direction_A__totalvi__seed00 S=100 ratio=0.9891 (expect 1.0 for variance; 0.1518 if it were an SD)
2026-09-09 18:13:47,010 | INFO | phase11b_mc | direction_A__totalvi__seed05 S=50 ratio=0.9791 (expect 1.0 for variance; 0.1495 if it were an SD)
2026-09-09 18:13:53,572 | INFO | phase11b_mc | direction_A__totalvi__seed10 S=50 ratio=0.9797 (expect 1.0 for variance; 0.1589 if it were an SD)
2026-09-09 18:14:00,198 | INFO | phase11b_mc | direction_A__totalvi__seed15 S=50 ratio=0.9807 (expect 1.0 for variance; 0.1441 if it were an SD)
2026-09-09 18:14:08,701 | INFO | phase11b_mc | direction_B__scvi_matched__seed00 S=50 ratio=0.9817 (expect 1.0 for variance; 0.2651 if it were an SD)
2026-09-09 18:14:16,027 | INFO | phase11b_mc | direction_B__scvi_matched__seed00 S=100 ratio=0.9904 (expect 1.0 for variance; 0.2673 if it were an SD)
2026-09-09 18:14:19,998 | INFO | phase11b_mc | direction_B__scvi_matched__seed05 S=50 ratio=0.9784 (expect 1.0 for variance; 0.2538 if it were an SD)
2026-09-09 18:14:23,997 | INFO | phase11b_mc | direction_B__scvi_matched__seed10 S=50 ratio=0.9791 (expect 1.0 for variance; 0.2805 if it were an SD)
2026-09-09 18:14:27,926 | INFO | phase11b_mc | direction_B__scvi_matched__seed15 S=50 ratio=0.9806 (expect 1.0 for variance; 0.2739 if it were an SD)
2026-09-09 18:14:34,380 | INFO | phase11b_mc | direction_B__totalvi__seed00 S=50 ratio=0.9786 (expect 1.0 for variance; 0.1930 if it were an SD)
2026-09-09 18:14:45,384 | INFO | phase11b_mc | direction_B__totalvi__seed00 S=100 ratio=0.9891 (expect 1.0 for variance; 0.1951 if it were an SD)
2026-09-09 18:14:51,746 | INFO | phase11b_mc | direction_B__totalvi__seed05 S=50 ratio=0.9791 (expect 1.0 for variance; 0.1994 if it were an SD)
2026-09-09 18:14:57,986 | INFO | phase11b_mc | direction_B__totalvi__seed10 S=50 ratio=0.9797 (expect 1.0 for variance; 0.1959 if it were an SD)
2026-09-09 18:15:04,394 | INFO | phase11b_mc | direction_B__totalvi__seed15 S=50 ratio=0.9807 (expect 1.0 for variance; 0.2018 if it were an SD)
2026-09-09 18:15:04,686 | INFO | phase11b_mc | MC check verdict: {'quantity_returned_by_return_dist': '(qz.loc, qz.scale**2) = posterior mean and VARIANCE', 'source': 'scvi.model.base.VAEMixin.get_latent_representation, scvi-tools 1.3.3', 'latent_distribution': 'normal, so q(z|x) is a diagonal Gaussian and the variance is exact', 'mc_samples': 50, 'posterior_sampling_seed': 2026, 'mean_ratio_empirical_over_closed_form': 0.9797226153314114, 'range_of_mean_ratio': [0.9783568382263184, 0.9816865921020508], 'expected_mc_relative_sd_per_element': 0.20203050891044214, 'consistent_with_variance': True, 'n_configurations_checked': 16, 'timestamp_utc': '2026-09-09T08:15:04.686521+00:00'}
